BL51 BANKED LINKER/LOCATER V6.22.4.0                                                    02/14/2026  15:03:59  PAGE 1


BL51 BANKED LINKER/LOCATER V6.22.4.0, INVOKED BY:
C:\KEIL_V5\C51\BIN\BL51.EXE .\Objects\button.obj TO .\Objects\test1_button PRINT (.\Listings\test1_button.m51) RAMSIZE (
>> 256)


MEMORY MODEL: SMALL


INPUT MODULES INCLUDED:
  .\Objects\button.obj (BUTTON)
  C:\KEIL_V5\C51\LIB\C51S.LIB (?C_STARTUP)
  C:\KEIL_V5\C51\LIB\C51S.LIB (?C_INIT)


LINK MAP OF MODULE:  .\Objects\test1_button (BUTTON)


            TYPE    BASE      LENGTH    RELOCATION   SEGMENT NAME
            -----------------------------------------------------

            * * * * * * *   D A T A   M E M O R Y   * * * * * * *
            REG     0000H     0008H     ABSOLUTE     "REG BANK 0"
            DATA    0008H     0001H     UNIT         ?DT?BUTTON
            IDATA   0009H     0001H     UNIT         ?STACK

            * * * * * * *   C O D E   M E M O R Y   * * * * * * *
            CODE    0000H     0003H     ABSOLUTE     
                    0003H     07FDH                  *** GAP ***
            CODE    0800H     0093H     UNIT         ?PR?SCAN_KEY?BUTTON
            CODE    0893H     008CH     UNIT         ?C_C51STARTUP
            CODE    091FH     0020H     UNIT         ?PR?_DELAY_MS?BUTTON
            CODE    093FH     0020H     UNIT         ?PR?MAIN?BUTTON
            CODE    095FH     001CH     UNIT         ?PR?GET_KEY?BUTTON
            CODE    097BH     0004H     UNIT         ?C_INITSEG



OVERLAY MAP OF MODULE:   .\Objects\test1_button (BUTTON)


SEGMENT
  +--> CALLED SEGMENT
---------------------
?C_C51STARTUP
  +--> ?PR?MAIN?BUTTON
  +--> ?C_INITSEG

?PR?MAIN?BUTTON
  +--> ?PR?GET_KEY?BUTTON

?PR?GET_KEY?BUTTON
  +--> ?PR?SCAN_KEY?BUTTON
  +--> ?PR?_DELAY_MS?BUTTON



SYMBOL TABLE OF MODULE:  .\Objects\test1_button (BUTTON)

BL51 BANKED LINKER/LOCATER V6.22.4.0                                                  02/14/2026  15:03:59  PAGE 2


  VALUE           TYPE          NAME
  ----------------------------------

  -------         MODULE        BUTTON
  C:0000H         SYMBOL        _ICE_DUMMY_
  D:0080H         PUBLIC        P0
  D:0090H         PUBLIC        P1
  D:00A0H         PUBLIC        P2
  D:00C0H         PUBLIC        XICON
  D:00B0H         PUBLIC        P3
  D:00E8H         PUBLIC        P4
  D:00A8H         PUBLIC        IE
  D:00B8H         PUBLIC        IP
  C:093FH         PUBLIC        main
  B:00A0H.3       PUBLIC        sound
  D:0098H         PUBLIC        SCON
  D:0088H         PUBLIC        TCON
  C:0800H         PUBLIC        scan_key
  C:091FH         PUBLIC        _delay_ms
  D:00C8H         PUBLIC        T2CON
  C:095FH         PUBLIC        get_key
  D:00D0H         PUBLIC        PSW
  -------         PROC          _DELAY_MS
  D:0006H         SYMBOL        ms
  -------         DO            
  D:0004H         SYMBOL        i
  D:0002H         SYMBOL        j
  -------         ENDDO         
  C:091FH         LINE#         16
  C:091FH         LINE#         17
  C:091FH         LINE#         19
  C:0929H         LINE#         20
  C:093EH         LINE#         21
  -------         ENDPROC       _DELAY_MS
  -------         PROC          SCAN_KEY
  -------         DO            
  D:0008H         SYMBOL        first_key_pressed
  D:0007H         SYMBOL        row
  D:0005H         SYMBOL        col
  D:0006H         SYMBOL        temp_key
  -------         ENDDO         
  C:0800H         LINE#         26
  C:0800H         LINE#         27
  C:0800H         LINE#         33
  C:0803H         LINE#         36
  C:080BH         LINE#         37
  C:080BH         LINE#         39
  C:080EH         LINE#         40
  C:0810H         LINE#         41
  C:0810H         LINE#         44
  C:0812H         LINE#         45
  C:0812H         LINE#         47
  C:0815H         LINE#         50
  C:0823H         LINE#         51
  C:0823H         LINE#         52
  C:0828H         LINE#         53
  C:082DH         LINE#         54
BL51 BANKED LINKER/LOCATER V6.22.4.0                                                  02/14/2026  15:03:59  PAGE 3


  C:0832H         LINE#         55
  C:0835H         LINE#         56
  C:0835H         LINE#         59
  C:083AH         LINE#         61
  C:083EH         LINE#         62
  C:083EH         LINE#         63
  C:084FH         LINE#         64
  C:084FH         LINE#         65
  C:084FH         LINE#         66
  C:0856H         LINE#         67
  C:0858H         LINE#         68
  C:0858H         LINE#         69
  C:0860H         LINE#         70
  C:0862H         LINE#         71
  C:0862H         LINE#         72
  C:086AH         LINE#         73
  C:086CH         LINE#         74
  C:086CH         LINE#         75
  C:0874H         LINE#         76
  C:0876H         LINE#         77
  C:0876H         LINE#         78
  C:0878H         LINE#         79
  C:0878H         LINE#         80
  C:0878H         LINE#         82
  C:087BH         LINE#         83
  C:087BH         LINE#         87
  C:087FH         LINE#         88
  C:087FH         LINE#         89
  C:0881H         LINE#         90
  C:0881H         LINE#         93
  C:0884H         LINE#         94
  C:0884H         LINE#         95
  C:0884H         LINE#         96
  C:088AH         LINE#         99
  C:088EH         LINE#         100
  C:088EH         LINE#         101
  C:0890H         LINE#         102
  C:0890H         LINE#         104
  C:0892H         LINE#         105
  -------         ENDPROC       SCAN_KEY
  -------         PROC          GET_KEY
  -------         DO            
  D:0001H         SYMBOL        key
  -------         ENDDO         
  C:095FH         LINE#         108
  C:095FH         LINE#         109
  C:095FH         LINE#         112
  C:0964H         LINE#         113
  C:0967H         LINE#         114
  C:0967H         LINE#         115
  C:096EH         LINE#         116
  C:0975H         LINE#         117
  C:0978H         LINE#         118
  C:0978H         LINE#         119
  C:097AH         LINE#         120
  -------         ENDPROC       GET_KEY
  -------         PROC          MAIN
BL51 BANKED LINKER/LOCATER V6.22.4.0                                                  02/14/2026  15:03:59  PAGE 4


  -------         DO            
  D:0007H         SYMBOL        key_value
  -------         ENDDO         
  C:093FH         LINE#         122
  C:093FH         LINE#         123
  C:093FH         LINE#         127
  C:0942H         LINE#         128
  C:0945H         LINE#         130
  C:0945H         LINE#         131
  C:0945H         LINE#         132
  C:0948H         LINE#         134
  C:094BH         LINE#         135
  C:094BH         LINE#         140
  C:094EH         LINE#         141
  C:0950H         LINE#         143
  C:0956H         LINE#         144
  C:0958H         LINE#         145
  C:095AH         LINE#         147
  C:095AH         LINE#         148
  C:095DH         LINE#         149
  C:095DH         LINE#         150
  -------         ENDPROC       MAIN
  -------         ENDMOD        BUTTON

******************************************************************************
* RESTRICTED VERSION WITH 0800H BYTE CODE SIZE LIMIT; USED: 00F2H BYTE (11%) *
******************************************************************************

Program Size: data=10.0 xdata=0 code=386
LINK/LOCATE RUN COMPLETE.  0 WARNING(S),  0 ERROR(S)
