BL51 BANKED LINKER/LOCATER V6.22.4.0                                                    02/14/2026  17:02:47  PAGE 1


BL51 BANKED LINKER/LOCATER V6.22.4.0, INVOKED BY:
C:\KEIL_V5\C51\BIN\BL51.EXE .\Objects\display.obj TO .\Objects\test1_display PRINT (.\Listings\test1_display.m51) RAMSIZ
>> E (256)


MEMORY MODEL: SMALL


INPUT MODULES INCLUDED:
  .\Objects\display.obj (DISPLAY)
  C:\KEIL_V5\C51\LIB\C51S.LIB (?C_STARTUP)


LINK MAP OF MODULE:  .\Objects\test1_display (DISPLAY)


            TYPE    BASE      LENGTH    RELOCATION   SEGMENT NAME
            -----------------------------------------------------

            * * * * * * *   D A T A   M E M O R Y   * * * * * * *
            REG     0000H     0008H     ABSOLUTE     "REG BANK 0"
            DATA    0008H     0001H     UNIT         _DATA_GROUP_
            IDATA   0009H     0001H     UNIT         ?STACK

            * * * * * * *   C O D E   M E M O R Y   * * * * * * *
            CODE    0000H     0003H     ABSOLUTE     
                    0003H     07FDH                  *** GAP ***
            CODE    0800H     002AH     UNIT         ?PR?MAIN?DISPLAY
            CODE    082AH     0020H     UNIT         ?PR?_DELAY_MS?DISPLAY
            CODE    084AH     000CH     UNIT         ?C_C51STARTUP
            CODE    0856H     000AH     UNIT         ?CO?DISPLAY



OVERLAY MAP OF MODULE:   .\Objects\test1_display (DISPLAY)


SEGMENT                          DATA_GROUP 
  +--> CALLED SEGMENT          START    LENGTH
----------------------------------------------
?C_C51STARTUP                  -----    -----
  +--> ?PR?MAIN?DISPLAY

?PR?MAIN?DISPLAY               0008H    0001H
  +--> ?CO?DISPLAY
  +--> ?PR?_DELAY_MS?DISPLAY



SYMBOL TABLE OF MODULE:  .\Objects\test1_display (DISPLAY)

  VALUE           TYPE          NAME
  ----------------------------------

  -------         MODULE        DISPLAY
  C:0000H         SYMBOL        _ICE_DUMMY_
  D:0080H         PUBLIC        P0
  D:0090H         PUBLIC        P1
BL51 BANKED LINKER/LOCATER V6.22.4.0                                                  02/14/2026  17:02:47  PAGE 2


  D:00A0H         PUBLIC        P2
  D:00C0H         PUBLIC        XICON
  D:00B0H         PUBLIC        P3
  D:00E8H         PUBLIC        P4
  D:00A8H         PUBLIC        IE
  D:00B8H         PUBLIC        IP
  C:0800H         PUBLIC        main
  D:0098H         PUBLIC        SCON
  D:0088H         PUBLIC        TCON
  C:0856H         PUBLIC        seg_code
  C:082AH         PUBLIC        _delay_ms
  D:00C8H         PUBLIC        T2CON
  D:00D0H         PUBLIC        PSW
  -------         PROC          _DELAY_MS
  D:0006H         SYMBOL        ms
  -------         DO            
  D:0004H         SYMBOL        i
  D:0002H         SYMBOL        j
  -------         ENDDO         
  C:082AH         LINE#         18
  C:082AH         LINE#         19
  C:082AH         LINE#         21
  C:0834H         LINE#         22
  C:0849H         LINE#         23
  -------         ENDPROC       _DELAY_MS
  -------         PROC          MAIN
  -------         DO            
  D:0001H         SYMBOL        counter
  -------         DO            
  D:0008H         SYMBOL        display_data
  -------         ENDDO         
  -------         ENDDO         
  C:0800H         LINE#         25
  C:0800H         LINE#         26
  C:0800H         LINE#         27
  C:0802H         LINE#         30
  C:0805H         LINE#         31
  C:0808H         LINE#         32
  C:080BH         LINE#         33
  C:080EH         LINE#         35
  C:080EH         LINE#         36
  C:080EH         LINE#         38
  C:081BH         LINE#         41
  C:081DH         LINE#         44
  C:0820H         LINE#         46
  C:0827H         LINE#         48
  C:0828H         LINE#         49
  -------         ENDPROC       MAIN
  -------         ENDMOD        DISPLAY

******************************************************************************
* RESTRICTED VERSION WITH 0800H BYTE CODE SIZE LIMIT; USED: 0054H BYTE ( 4%) *
******************************************************************************

Program Size: data=10.0 xdata=0 code=99
LINK/LOCATE RUN COMPLETE.  0 WARNING(S),  0 ERROR(S)
