BL51 BANKED LINKER/LOCATER V6.22.4.0                                                    02/14/2026  15:32:21  PAGE 1


BL51 BANKED LINKER/LOCATER V6.22.4.0, INVOKED BY:
C:\KEIL_V5\C51\BIN\BL51.EXE .\Objects\display.obj TO .\Objects\test1_button PRINT (.\Listings\test1_button.m51) RAMSIZE 
>> (256)


MEMORY MODEL: SMALL


INPUT MODULES INCLUDED:
  .\Objects\display.obj (DISPLAY)
  C:\KEIL_V5\C51\LIB\C51S.LIB (?C_STARTUP)
  C:\KEIL_V5\C51\LIB\C51S.LIB (?C?COPY)
  C:\KEIL_V5\C51\LIB\C51S.LIB (?C?CLDOPTR)
  C:\KEIL_V5\C51\LIB\C51S.LIB (?C?UIDIV)


LINK MAP OF MODULE:  .\Objects\test1_button (DISPLAY)


            TYPE    BASE      LENGTH    RELOCATION   SEGMENT NAME
            -----------------------------------------------------

            * * * * * * *   D A T A   M E M O R Y   * * * * * * *
            REG     0000H     0008H     ABSOLUTE     "REG BANK 0"
            DATA    0008H     000BH     UNIT         _DATA_GROUP_
            IDATA   0013H     0001H     UNIT         ?STACK

            * * * * * * *   C O D E   M E M O R Y   * * * * * * *
            CODE    0000H     0003H     ABSOLUTE     
                    0003H     07FDH                  *** GAP ***
            CODE    0800H     0178H     UNIT         ?C?LIB_CODE
            CODE    0978H     0081H     UNIT         ?PR?MAIN?DISPLAY
            CODE    09F9H     0043H     UNIT         ?PR?_DISPLAY_MULTI_DIGIT?DISPLAY
            CODE    0A3CH     0020H     UNIT         ?PR?_DELAY_MS?DISPLAY
            CODE    0A5CH     0014H     UNIT         ?CO?DISPLAY
            CODE    0A70H     0010H     UNIT         ?PR?_DISPLAY_SINGLE_DIGIT?DISPLAY
            CODE    0A80H     000CH     UNIT         ?C_C51STARTUP



OVERLAY MAP OF MODULE:   .\Objects\test1_button (DISPLAY)


SEGMENT                                     DATA_GROUP 
  +--> CALLED SEGMENT                     START    LENGTH
---------------------------------------------------------
?C_C51STARTUP                             -----    -----
  +--> ?PR?MAIN?DISPLAY

?PR?MAIN?DISPLAY                          0008H    0006H
  +--> ?CO?DISPLAY
  +--> ?PR?_DISPLAY_MULTI_DIGIT?DISPLAY
  +--> ?PR?_DELAY_MS?DISPLAY

?PR?_DISPLAY_MULTI_DIGIT?DISPLAY          000EH    0005H
  +--> ?CO?DISPLAY
  +--> ?PR?_DELAY_MS?DISPLAY

BL51 BANKED LINKER/LOCATER V6.22.4.0                                                  02/14/2026  15:32:21  PAGE 2




SYMBOL TABLE OF MODULE:  .\Objects\test1_button (DISPLAY)

  VALUE           TYPE          NAME
  ----------------------------------

  -------         MODULE        DISPLAY
  C:0000H         SYMBOL        _ICE_DUMMY_
  C:09F9H         PUBLIC        _display_multi_digit
  D:0080H         PUBLIC        P0
  D:0090H         PUBLIC        P1
  D:00A0H         PUBLIC        P2
  D:00C0H         PUBLIC        XICON
  D:00B0H         PUBLIC        P3
  D:00E8H         PUBLIC        P4
  D:00A8H         PUBLIC        IE
  D:00B8H         PUBLIC        IP
  C:0978H         PUBLIC        main
  D:0098H         PUBLIC        SCON
  D:0088H         PUBLIC        TCON
  C:0A5CH         PUBLIC        seg_code
  C:0A6CH         SYMBOL        _?ix1000
  C:0A3CH         PUBLIC        _delay_ms
  C:0A70H         PUBLIC        _display_single_digit
  D:00C8H         PUBLIC        T2CON
  D:00D0H         PUBLIC        PSW
  -------         PROC          _DELAY_MS
  D:0006H         SYMBOL        ms
  -------         DO            
  D:0004H         SYMBOL        i
  D:0002H         SYMBOL        j
  -------         ENDDO         
  C:0A3CH         LINE#         25
  C:0A3CH         LINE#         26
  C:0A3CH         LINE#         28
  C:0A46H         LINE#         29
  C:0A5BH         LINE#         30
  -------         ENDPROC       _DELAY_MS
  -------         PROC          _DISPLAY_SINGLE_DIGIT
  D:0007H         SYMBOL        digit
  C:0A70H         LINE#         33
  C:0A70H         LINE#         34
  C:0A70H         LINE#         35
  C:0A78H         LINE#         36
  C:0A7FH         LINE#         37
  -------         ENDPROC       _DISPLAY_SINGLE_DIGIT
  -------         PROC          _DISPLAY_MULTI_DIGIT
  D:000EH         SYMBOL        digits
  D:0011H         SYMBOL        num_digits
  -------         DO            
  D:0012H         SYMBOL        i
  -------         ENDDO         
  C:09F9H         LINE#         40
  C:0A01H         LINE#         41
  C:0A01H         LINE#         43
  C:0A0BH         LINE#         44
BL51 BANKED LINKER/LOCATER V6.22.4.0                                                  02/14/2026  15:32:21  PAGE 3


  C:0A0BH         LINE#         46
  C:0A1BH         LINE#         49
  C:0A30H         LINE#         52
  C:0A37H         LINE#         53
  C:0A3BH         LINE#         54
  -------         ENDPROC       _DISPLAY_MULTI_DIGIT
  -------         PROC          MAIN
  -------         DO            
  D:0008H         SYMBOL        counter
  D:0009H         SYMBOL        display_buffer
  D:000DH         SYMBOL        refresh_count
  -------         ENDDO         
  C:0978H         LINE#         57
  C:0978H         LINE#         58
  C:0978H         LINE#         59
  C:097BH         LINE#         60
  C:098CH         LINE#         64
  C:098FH         LINE#         65
  C:0992H         LINE#         67
  C:0992H         LINE#         68
  C:0992H         LINE#         75
  C:09A6H         LINE#         76
  C:09B3H         LINE#         77
  C:09C0H         LINE#         78
  C:09C9H         LINE#         81
  C:09CCH         LINE#         82
  C:09CCH         LINE#         83
  C:09D7H         LINE#         84
  C:09DEH         LINE#         85
  C:09E7H         LINE#         87
  C:09E9H         LINE#         88
  C:09F7H         LINE#         89
  -------         ENDPROC       MAIN
  -------         ENDMOD        DISPLAY

  -------         MODULE        ?C?COPY
  C:08D0H         PUBLIC        ?C?COPY
  -------         ENDMOD        ?C?COPY

  -------         MODULE        ?C?CLDOPTR
  C:08F6H         PUBLIC        ?C?CLDOPTR
  -------         ENDMOD        ?C?CLDOPTR

  -------         MODULE        ?C?UIDIV
  C:0923H         PUBLIC        ?C?UIDIV
  -------         ENDMOD        ?C?UIDIV

*** WARNING L16: UNCALLED SEGMENT, IGNORED FOR OVERLAY PROCESS
    SEGMENT: ?PR?_DISPLAY_SINGLE_DIGIT?DISPLAY

******************************************************************************
* RESTRICTED VERSION WITH 0800H BYTE CODE SIZE LIMIT; USED: 0108H BYTE (12%) *
******************************************************************************

Program Size: data=20.0 xdata=0 code=655
LINK/LOCATE RUN COMPLETE.  1 WARNING(S),  0 ERROR(S)
