BL51 BANKED LINKER/LOCATER V6.22.4.0                                                    02/14/2026  15:51:41  PAGE 1


BL51 BANKED LINKER/LOCATER V6.22.4.0, INVOKED BY:
C:\KEIL_V5\C51\BIN\BL51.EXE .\Objects\display.obj TO .\Objects\test1_flow_display PRINT (.\Listings\test1_flow_display.m
>> 51) RAMSIZE (256)


MEMORY MODEL: SMALL


INPUT MODULES INCLUDED:
  .\Objects\display.obj (DISPLAY)
  C:\KEIL_V5\C51\LIB\C51S.LIB (?C_STARTUP)
  C:\KEIL_V5\C51\LIB\C51S.LIB (?C?CLDOPTR)


LINK MAP OF MODULE:  .\Objects\test1_flow_display (DISPLAY)


            TYPE    BASE      LENGTH    RELOCATION   SEGMENT NAME
            -----------------------------------------------------

            * * * * * * *   D A T A   M E M O R Y   * * * * * * *
            REG     0000H     0008H     ABSOLUTE     "REG BANK 0"
            DATA    0008H     0005H     UNIT         ?DT?_DISPLAY_MULTI_DIGIT?DISPLAY
            IDATA   000DH     0001H     UNIT         ?STACK

            * * * * * * *   C O D E   M E M O R Y   * * * * * * *
            CODE    0000H     0003H     ABSOLUTE     
                    0003H     07FDH                  *** GAP ***
            CODE    0800H     0043H     UNIT         ?PR?_DISPLAY_MULTI_DIGIT?DISPLAY
            CODE    0843H     002DH     UNIT         ?C?LIB_CODE
            CODE    0870H     0024H     UNIT         ?PR?MAIN?DISPLAY
            CODE    0894H     0020H     UNIT         ?PR?_DELAY_MS?DISPLAY
            CODE    08B4H     0010H     UNIT         ?PR?_DISPLAY_SINGLE_DIGIT?DISPLAY
            CODE    08C4H     0010H     UNIT         ?CO?DISPLAY
            CODE    08D4H     000CH     UNIT         ?C_C51STARTUP



OVERLAY MAP OF MODULE:   .\Objects\test1_flow_display (DISPLAY)


SEGMENT
  +--> CALLED SEGMENT
---------------------
?C_C51STARTUP
  +--> ?PR?MAIN?DISPLAY

?PR?MAIN?DISPLAY
  +--> ?CO?DISPLAY
  +--> ?PR?_DELAY_MS?DISPLAY



SYMBOL TABLE OF MODULE:  .\Objects\test1_flow_display (DISPLAY)

  VALUE           TYPE          NAME
  ----------------------------------

BL51 BANKED LINKER/LOCATER V6.22.4.0                                                  02/14/2026  15:51:41  PAGE 2


  -------         MODULE        DISPLAY
  C:0000H         SYMBOL        _ICE_DUMMY_
  C:0800H         PUBLIC        _display_multi_digit
  D:0080H         PUBLIC        P0
  D:0090H         PUBLIC        P1
  D:00A0H         PUBLIC        P2
  D:00C0H         PUBLIC        XICON
  D:00B0H         PUBLIC        P3
  D:00E8H         PUBLIC        P4
  D:00A8H         PUBLIC        IE
  D:00B8H         PUBLIC        IP
  C:0870H         PUBLIC        main
  D:0098H         PUBLIC        SCON
  D:0088H         PUBLIC        TCON
  C:08C4H         PUBLIC        seg_code
  C:0894H         PUBLIC        _delay_ms
  C:08B4H         PUBLIC        _display_single_digit
  D:00C8H         PUBLIC        T2CON
  D:00D0H         PUBLIC        PSW
  -------         PROC          _DELAY_MS
  D:0006H         SYMBOL        ms
  -------         DO            
  D:0004H         SYMBOL        i
  D:0002H         SYMBOL        j
  -------         ENDDO         
  C:0894H         LINE#         25
  C:0894H         LINE#         26
  C:0894H         LINE#         28
  C:089EH         LINE#         29
  C:08B3H         LINE#         30
  -------         ENDPROC       _DELAY_MS
  -------         PROC          _DISPLAY_SINGLE_DIGIT
  D:0007H         SYMBOL        digit
  C:08B4H         LINE#         33
  C:08B4H         LINE#         34
  C:08B4H         LINE#         35
  C:08BCH         LINE#         36
  C:08C3H         LINE#         37
  -------         ENDPROC       _DISPLAY_SINGLE_DIGIT
  -------         PROC          _DISPLAY_MULTI_DIGIT
  D:0008H         SYMBOL        digits
  D:000BH         SYMBOL        num_digits
  -------         DO            
  D:000CH         SYMBOL        i
  -------         ENDDO         
  C:0800H         LINE#         40
  C:0808H         LINE#         41
  C:0808H         LINE#         43
  C:0812H         LINE#         44
  C:0812H         LINE#         46
  C:0822H         LINE#         49
  C:0837H         LINE#         52
  C:083EH         LINE#         53
  C:0842H         LINE#         54
  -------         ENDPROC       _DISPLAY_MULTI_DIGIT
  -------         PROC          MAIN
  -------         DO            
BL51 BANKED LINKER/LOCATER V6.22.4.0                                                  02/14/2026  15:51:41  PAGE 3


  D:0001H         SYMBOL        counter
  -------         ENDDO         
  C:0870H         LINE#         57
  C:0870H         LINE#         58
  C:0870H         LINE#         59
  C:0872H         LINE#         62
  C:0874H         LINE#         63
  C:0877H         LINE#         64
  C:087AH         LINE#         65
  C:087DH         LINE#         67
  C:087DH         LINE#         68
  C:087DH         LINE#         70
  C:088AH         LINE#         72
  C:0891H         LINE#         74
  C:0892H         LINE#         75
  -------         ENDPROC       MAIN
  -------         ENDMOD        DISPLAY

  -------         MODULE        ?C?CLDOPTR
  C:0843H         PUBLIC        ?C?CLDOPTR
  -------         ENDMOD        ?C?CLDOPTR

*** WARNING L16: UNCALLED SEGMENT, IGNORED FOR OVERLAY PROCESS
    SEGMENT: ?PR?_DISPLAY_SINGLE_DIGIT?DISPLAY

*** WARNING L16: UNCALLED SEGMENT, IGNORED FOR OVERLAY PROCESS
    SEGMENT: ?PR?_DISPLAY_MULTI_DIGIT?DISPLAY

******************************************************************************
* RESTRICTED VERSION WITH 0800H BYTE CODE SIZE LIMIT; USED: 00A7H BYTE ( 8%) *
******************************************************************************

Program Size: data=14.0 xdata=0 code=227
LINK/LOCATE RUN COMPLETE.  2 WARNING(S),  0 ERROR(S)
